15:35:19 INFO  : Registering command handlers for SDK TCF services
15:35:19 INFO  : Launching XSCT server: xsct -n -interactive /home/vlsiuser/MB_ETH/NEX_ETH_IP/NEX_ETH_IP.sdk/temp_xsdb_launch_script.tcl
15:35:20 INFO  : XSCT server has started successfully.
15:35:20 INFO  : Successfully done setting XSCT server connection channel  
15:35:20 INFO  : Successfully done setting SDK workspace  
15:35:20 INFO  : Processing command line option -hwspec /home/vlsiuser/MB_ETH/NEX_ETH_IP/NEX_ETH_IP.sdk/MB_ETH_wrapper.hdf.
16:17:13 INFO  : Refreshed build settings on project echo_server_app
16:19:32 INFO  : Connected to target on host '127.0.0.1' and port '3121'.
16:19:32 INFO  : 'targets -set -filter {jtag_cable_name =~ "Digilent Nexys4DDR 210292744050A" && level==0} -index 0' command is executed.
16:19:34 INFO  : FPGA configured successfully with bitstream "/home/vlsiuser/MB_ETH/NEX_ETH_IP/NEX_ETH_IP.sdk/MB_ETH_wrapper_hw_platform_0/download.bit"
16:24:17 INFO  : 'targets -set -filter {jtag_cable_name =~ "Digilent Nexys4DDR 210292744050A" && level==0} -index 0' command is executed.
16:24:17 INFO  : 'fpga -state' command is executed.
16:24:17 INFO  : Connected to target on host '127.0.0.1' and port '3121'.
16:24:17 INFO  : Jtag cable 'Digilent Nexys4DDR 210292744050A' is selected.
16:24:17 INFO  : 'jtag frequency' command is executed.
16:24:17 INFO  : 'configparams mdm-detect-bscan-mask 2' command is executed.
16:24:17 INFO  : Context for processor 'microblaze_0' is selected.
16:24:17 INFO  : Processor reset is completed for 'microblaze_0'.
16:24:17 INFO  : Context for processor 'microblaze_0' is selected.
16:24:18 INFO  : The application '/home/vlsiuser/MB_ETH/NEX_ETH_IP/NEX_ETH_IP.sdk/echo_server_app/Debug/echo_server_app.elf' is downloaded to processor 'microblaze_0'.
16:24:18 INFO  : ----------------XSDB Script----------------
connect -url tcp:127.0.0.1:3121
configparams mdm-detect-bscan-mask 2
targets -set -nocase -filter {name =~ "microblaze*#0" && bscan=="USER2"  && jtag_cable_name =~ "Digilent Nexys4DDR 210292744050A"} -index 0
rst -processor
targets -set -nocase -filter {name =~ "microblaze*#0" && bscan=="USER2"  && jtag_cable_name =~ "Digilent Nexys4DDR 210292744050A"} -index 0
dow /home/vlsiuser/MB_ETH/NEX_ETH_IP/NEX_ETH_IP.sdk/echo_server_app/Debug/echo_server_app.elf
----------------End of Script----------------

16:24:18 INFO  : Context for processor 'microblaze_0' is selected.
16:24:18 INFO  : 'con' command is executed.
16:24:18 INFO  : ----------------XSDB Script (After Launch)----------------
targets -set -nocase -filter {name =~ "microblaze*#0" && bscan=="USER2"  && jtag_cable_name =~ "Digilent Nexys4DDR 210292744050A"} -index 0
con
----------------End of Script----------------

16:24:18 INFO  : Disconnected from the channel tcfchan#1.
11:03:09 INFO  : 'targets -set -filter {jtag_cable_name =~ "Digilent Nexys4DDR 210292744050A" && level==0} -index 0' command is executed.
11:03:09 INFO  : 'fpga -state' command is executed.
11:04:59 INFO  : Connected to target on host '127.0.0.1' and port '3121'.
11:04:59 INFO  : 'targets -set -filter {jtag_cable_name =~ "Digilent Nexys4DDR 210292744050A" && level==0} -index 0' command is executed.
11:05:01 INFO  : FPGA configured successfully with bitstream "/home/vlsiuser/MB_ETH/NEX_ETH_IP/NEX_ETH_IP.sdk/MB_ETH_wrapper_hw_platform_0/download.bit"
11:05:44 INFO  : 'targets -set -filter {jtag_cable_name =~ "Digilent Nexys4DDR 210292744050A" && level==0} -index 0' command is executed.
11:05:44 INFO  : 'fpga -state' command is executed.
11:05:44 INFO  : Connected to target on host '127.0.0.1' and port '3121'.
11:05:44 INFO  : Jtag cable 'Digilent Nexys4DDR 210292744050A' is selected.
11:05:44 INFO  : 'jtag frequency' command is executed.
11:05:44 INFO  : 'configparams mdm-detect-bscan-mask 2' command is executed.
11:05:44 INFO  : Context for processor 'microblaze_0' is selected.
11:05:44 INFO  : Processor reset is completed for 'microblaze_0'.
11:05:44 INFO  : Context for processor 'microblaze_0' is selected.
11:05:45 INFO  : The application '/home/vlsiuser/MB_ETH/NEX_ETH_IP/NEX_ETH_IP.sdk/echo_server_app/Debug/echo_server_app.elf' is downloaded to processor 'microblaze_0'.
11:05:45 INFO  : ----------------XSDB Script----------------
connect -url tcp:127.0.0.1:3121
configparams mdm-detect-bscan-mask 2
targets -set -nocase -filter {name =~ "microblaze*#0" && bscan=="USER2"  && jtag_cable_name =~ "Digilent Nexys4DDR 210292744050A"} -index 0
rst -processor
targets -set -nocase -filter {name =~ "microblaze*#0" && bscan=="USER2"  && jtag_cable_name =~ "Digilent Nexys4DDR 210292744050A"} -index 0
dow /home/vlsiuser/MB_ETH/NEX_ETH_IP/NEX_ETH_IP.sdk/echo_server_app/Debug/echo_server_app.elf
----------------End of Script----------------

11:05:45 INFO  : Memory regions updated for context PA
11:05:45 INFO  : Memory regions updated for context PA
11:05:45 INFO  : Context for processor 'microblaze_0' is selected.
11:05:45 INFO  : 'con' command is executed.
11:05:45 INFO  : ----------------XSDB Script (After Launch)----------------
targets -set -nocase -filter {name =~ "microblaze*#0" && bscan=="USER2"  && jtag_cable_name =~ "Digilent Nexys4DDR 210292744050A"} -index 0
con
----------------End of Script----------------

11:05:45 INFO  : Launch script is exported to file '/home/vlsiuser/MB_ETH/NEX_ETH_IP/NEX_ETH_IP.sdk/.sdk/launch_scripts/xilinx_c-c++_application_(system_debugger)/system_debugger_using_debug_echo_server_app.elf_on_local.tcl'
11:13:06 ERROR : (XSDB Server)Hangup

11:15:19 INFO  : Launching XSCT server: xsct -n -interactive /home/vlsiuser/MB_ETH/NEX_ETH_IP/NEX_ETH_IP.sdk/temp_xsdb_launch_script.tcl
11:15:20 INFO  : XSCT server has started successfully.
11:15:20 INFO  : Successfully done setting XSCT server connection channel  
11:15:21 INFO  : Successfully done setting SDK workspace  
11:15:22 INFO  : Registering command handlers for SDK TCF services
11:15:22 INFO  : Processing command line option -hwspec /home/vlsiuser/MB_ETH/NEX_ETH_IP/NEX_ETH_IP.sdk/MB_ETH_wrapper.hdf.
11:15:22 INFO  : Checking for hwspec changes in the project MB_ETH_wrapper_hw_platform_0.
11:16:12 INFO  : Connected to target on host '127.0.0.1' and port '3121'.
11:16:12 INFO  : 'targets -set -filter {jtag_cable_name =~ "Digilent Nexys4DDR 210292744050A" && level==0} -index 0' command is executed.
11:16:14 INFO  : FPGA configured successfully with bitstream "/home/vlsiuser/MB_ETH/NEX_ETH_IP/NEX_ETH_IP.sdk/MB_ETH_wrapper_hw_platform_0/download.bit"
14:50:12 ERROR : (XSDB Server)Hangup

14:52:38 INFO  : Launching XSCT server: xsct -n -interactive /home/vlsiuser/MB_ETH/NEX_ETH_IP/NEX_ETH_IP.sdk/temp_xsdb_launch_script.tcl
14:52:39 INFO  : XSCT server has started successfully.
14:52:39 INFO  : Successfully done setting XSCT server connection channel  
14:52:39 INFO  : Successfully done setting SDK workspace  
14:52:40 INFO  : Registering command handlers for SDK TCF services
14:52:40 INFO  : Processing command line option -hwspec /home/vlsiuser/MB_ETH/NEX_ETH_IP/NEX_ETH_IP.sdk/MB_ETH_wrapper.hdf.
14:52:40 INFO  : Checking for hwspec changes in the project MB_ETH_wrapper_hw_platform_0.
14:57:16 INFO  : Connected to target on host '127.0.0.1' and port '3121'.
14:57:16 INFO  : 'targets -set -filter {jtag_cable_name =~ "Digilent Nexys4DDR 210292744050A" && level==0} -index 0' command is executed.
14:57:18 INFO  : FPGA configured successfully with bitstream "/home/vlsiuser/MB_ETH/NEX_ETH_IP/NEX_ETH_IP.sdk/MB_ETH_wrapper_hw_platform_0/download.bit"
14:57:35 INFO  : Connected to target on host '127.0.0.1' and port '3121'.
14:57:35 INFO  : 'targets -set -filter {jtag_cable_name =~ "Digilent Nexys4DDR 210292744050A" && level==0} -index 0' command is executed.
14:57:37 INFO  : FPGA configured successfully with bitstream "/home/vlsiuser/MB_ETH/NEX_ETH_IP/NEX_ETH_IP.sdk/MB_ETH_wrapper_hw_platform_0/download.bit"
15:01:55 INFO  : Launching XSCT server: xsct -n -interactive /home/vlsiuser/MB_ETH/NEX_ETH_IP/NEX_ETH_IP.sdk/temp_xsdb_launch_script.tcl
15:01:56 INFO  : XSCT server has started successfully.
15:01:56 INFO  : Successfully done setting XSCT server connection channel  
15:01:57 INFO  : Successfully done setting SDK workspace  
15:01:58 INFO  : Registering command handlers for SDK TCF services
15:01:58 INFO  : Processing command line option -hwspec /home/vlsiuser/MB_ETH/NEX_ETH_IP/NEX_ETH_IP.sdk/MB_ETH_wrapper.hdf.
15:01:58 INFO  : Checking for hwspec changes in the project MB_ETH_wrapper_hw_platform_0.
15:19:17 INFO  : Launching XSCT server: xsct -n -interactive /home/vlsiuser/MB_ETH/NEX_ETH_IP/NEX_ETH_IP.sdk/temp_xsdb_launch_script.tcl
15:19:18 INFO  : XSCT server has started successfully.
15:19:18 INFO  : Successfully done setting XSCT server connection channel  
15:19:18 INFO  : Successfully done setting SDK workspace  
15:19:19 INFO  : Registering command handlers for SDK TCF services
15:19:19 INFO  : Processing command line option -hwspec /home/vlsiuser/MB_ETH/NEX_ETH_IP/NEX_ETH_IP.sdk/MB_ETH_wrapper.hdf.
15:19:19 INFO  : Checking for hwspec changes in the project MB_ETH_wrapper_hw_platform_0.
15:19:38 INFO  : 'targets -set -filter {jtag_cable_name =~ "Digilent Nexys4DDR 210292744050A" && level==0} -index 0' command is executed.
15:19:38 INFO  : 'fpga -state' command is executed.
15:19:39 INFO  : Connected to target on host '127.0.0.1' and port '3121'.
15:19:39 INFO  : Jtag cable 'Digilent Nexys4DDR 210292744050A' is selected.
15:19:39 INFO  : 'jtag frequency' command is executed.
15:19:39 INFO  : 'configparams mdm-detect-bscan-mask 2' command is executed.
15:19:42 ERROR : no targets found with "name =~ "microblaze*#0" && bscan=="USER2"  && jtag_cable_name =~ "Digilent Nexys4DDR 210292744050A"". available targets:
  1* xc7a100t
15:19:42 INFO  : ----------------XSDB Script----------------
connect -url tcp:127.0.0.1:3121
configparams mdm-detect-bscan-mask 2
targets -set -nocase -filter {name =~ "microblaze*#0" && bscan=="USER2"  && jtag_cable_name =~ "Digilent Nexys4DDR 210292744050A"} -index 0
----------------End of Script----------------

15:20:11 INFO  : Connected to target on host '127.0.0.1' and port '3121'.
15:20:11 INFO  : 'targets -set -filter {jtag_cable_name =~ "Digilent Nexys4DDR 210292744050A" && level==0} -index 0' command is executed.
15:20:13 INFO  : FPGA configured successfully with bitstream "/home/vlsiuser/MB_ETH/NEX_ETH_IP/NEX_ETH_IP.sdk/MB_ETH_wrapper_hw_platform_0/download.bit"
15:23:17 INFO  : Launching XSCT server: xsct -n -interactive /home/vlsiuser/MB_ETH/NEX_ETH_IP/NEX_ETH_IP.sdk/temp_xsdb_launch_script.tcl
15:23:18 INFO  : XSCT server has started successfully.
15:23:18 INFO  : Successfully done setting XSCT server connection channel  
15:23:18 INFO  : Successfully done setting SDK workspace  
15:23:19 INFO  : Registering command handlers for SDK TCF services
15:23:19 INFO  : Processing command line option -hwspec /home/vlsiuser/MB_ETH/NEX_ETH_IP/NEX_ETH_IP.sdk/MB_ETH_wrapper.hdf.
15:23:20 INFO  : Checking for hwspec changes in the project MB_ETH_wrapper_hw_platform_0.
15:46:31 INFO  : Launching XSCT server: xsct -n -interactive /home/vlsiuser/MB_ETH/NEX_ETH_IP/NEX_ETH_IP.sdk/temp_xsdb_launch_script.tcl
15:46:32 INFO  : XSCT server has started successfully.
15:46:32 INFO  : Successfully done setting XSCT server connection channel  
15:46:32 INFO  : Successfully done setting SDK workspace  
15:46:33 INFO  : Registering command handlers for SDK TCF services
15:46:33 INFO  : Processing command line option -hwspec /home/vlsiuser/MB_ETH/NEX_ETH_IP/NEX_ETH_IP.sdk/MB_ETH_wrapper.hdf.
15:46:33 INFO  : Checking for hwspec changes in the project MB_ETH_wrapper_hw_platform_0.
15:46:56 INFO  : Example project echo_server_app_bsp_xemaclite_ping_reply_example_1 has been created successfully.
15:46:56 INFO  : Example project echo_server_app_bsp_xemaclite_intr_example_1 has been created successfully.
15:46:56 INFO  : Example project echo_server_app_bsp_xemaclite_phy_loopback_example_1 has been created successfully.
15:46:56 INFO  : Example project echo_server_app_bsp_xemaclite_polled_example_1 has been created successfully.
15:46:56 INFO  : Example project echo_server_app_bsp_xemaclite_selftest_example_1 has been created successfully.
15:46:57 INFO  : Example project echo_server_app_bsp_xemaclite_internal_loopback_example_1 has been created successfully.
15:46:57 INFO  : Example project echo_server_app_bsp_xemaclite_ping_req_example_1 has been created successfully.
15:48:54 INFO  : 'targets -set -filter {jtag_cable_name =~ "Digilent Nexys4DDR 210292744050A" && level==0} -index 0' command is executed.
15:48:54 INFO  : 'fpga -state' command is executed.
15:48:56 INFO  : Connected to target on host '127.0.0.1' and port '3121'.
15:48:56 INFO  : Jtag cable 'Digilent Nexys4DDR 210292744050A' is selected.
15:48:56 INFO  : 'jtag frequency' command is executed.
15:48:56 INFO  : 'configparams mdm-detect-bscan-mask 2' command is executed.
15:48:59 ERROR : no targets found with "name =~ "microblaze*#0" && bscan=="USER2"  && jtag_cable_name =~ "Digilent Nexys4DDR 210292744050A"". available targets:
  1* xc7a100t
15:48:59 INFO  : ----------------XSDB Script----------------
connect -url tcp:127.0.0.1:3121
configparams mdm-detect-bscan-mask 2
targets -set -nocase -filter {name =~ "microblaze*#0" && bscan=="USER2"  && jtag_cable_name =~ "Digilent Nexys4DDR 210292744050A"} -index 0
----------------End of Script----------------

15:49:40 INFO  : Connected to target on host '127.0.0.1' and port '3121'.
15:49:40 INFO  : 'targets -set -filter {jtag_cable_name =~ "Digilent Nexys4DDR 210292744050A" && level==0} -index 0' command is executed.
15:49:42 INFO  : FPGA configured successfully with bitstream "/home/vlsiuser/MB_ETH/NEX_ETH_IP/NEX_ETH_IP.sdk/MB_ETH_wrapper_hw_platform_0/download.bit"
15:49:51 INFO  : 'targets -set -filter {jtag_cable_name =~ "Digilent Nexys4DDR 210292744050A" && level==0} -index 0' command is executed.
15:49:51 INFO  : 'fpga -state' command is executed.
15:49:51 INFO  : Connected to target on host '127.0.0.1' and port '3121'.
15:49:51 INFO  : Jtag cable 'Digilent Nexys4DDR 210292744050A' is selected.
15:49:51 INFO  : 'jtag frequency' command is executed.
15:49:51 INFO  : 'configparams mdm-detect-bscan-mask 2' command is executed.
15:49:51 INFO  : Context for processor 'microblaze_0' is selected.
15:49:51 INFO  : Processor reset is completed for 'microblaze_0'.
15:49:51 INFO  : Context for processor 'microblaze_0' is selected.
15:49:51 INFO  : The application '/home/vlsiuser/MB_ETH/NEX_ETH_IP/NEX_ETH_IP.sdk/echo_server_app_bsp_xemaclite_intr_example_1/Debug/echo_server_app_bsp_xemaclite_intr_example_1.elf' is downloaded to processor 'microblaze_0'.
15:49:51 INFO  : ----------------XSDB Script----------------
connect -url tcp:127.0.0.1:3121
configparams mdm-detect-bscan-mask 2
targets -set -nocase -filter {name =~ "microblaze*#0" && bscan=="USER2"  && jtag_cable_name =~ "Digilent Nexys4DDR 210292744050A"} -index 0
rst -processor
targets -set -nocase -filter {name =~ "microblaze*#0" && bscan=="USER2"  && jtag_cable_name =~ "Digilent Nexys4DDR 210292744050A"} -index 0
dow /home/vlsiuser/MB_ETH/NEX_ETH_IP/NEX_ETH_IP.sdk/echo_server_app_bsp_xemaclite_intr_example_1/Debug/echo_server_app_bsp_xemaclite_intr_example_1.elf
----------------End of Script----------------

15:49:51 INFO  : Memory regions updated for context PA
15:49:51 INFO  : Memory regions updated for context PA
15:49:51 INFO  : Context for processor 'microblaze_0' is selected.
15:49:51 INFO  : 'con' command is executed.
15:49:51 INFO  : ----------------XSDB Script (After Launch)----------------
targets -set -nocase -filter {name =~ "microblaze*#0" && bscan=="USER2"  && jtag_cable_name =~ "Digilent Nexys4DDR 210292744050A"} -index 0
con
----------------End of Script----------------

15:49:51 INFO  : Launch script is exported to file '/home/vlsiuser/MB_ETH/NEX_ETH_IP/NEX_ETH_IP.sdk/.sdk/launch_scripts/xilinx_c-c++_application_(system_debugger)/system_debugger_using_debug_echo_server_app_bsp_xemaclite_intr_example_1.elf_on_local.tcl'
15:50:14 INFO  : Disconnected from the channel tcfchan#1.
15:50:15 INFO  : 'targets -set -filter {jtag_cable_name =~ "Digilent Nexys4DDR 210292744050A" && level==0} -index 0' command is executed.
15:50:15 INFO  : 'fpga -state' command is executed.
15:50:15 INFO  : Connected to target on host '127.0.0.1' and port '3121'.
15:50:15 INFO  : Jtag cable 'Digilent Nexys4DDR 210292744050A' is selected.
15:50:15 INFO  : 'jtag frequency' command is executed.
15:50:15 INFO  : 'configparams mdm-detect-bscan-mask 2' command is executed.
15:50:15 INFO  : Context for processor 'microblaze_0' is selected.
15:50:15 INFO  : Processor reset is completed for 'microblaze_0'.
15:50:15 INFO  : Context for processor 'microblaze_0' is selected.
15:50:15 INFO  : The application '/home/vlsiuser/MB_ETH/NEX_ETH_IP/NEX_ETH_IP.sdk/echo_server_app_bsp_xemaclite_intr_example_1/Debug/echo_server_app_bsp_xemaclite_intr_example_1.elf' is downloaded to processor 'microblaze_0'.
15:50:15 INFO  : ----------------XSDB Script----------------
connect -url tcp:127.0.0.1:3121
configparams mdm-detect-bscan-mask 2
targets -set -nocase -filter {name =~ "microblaze*#0" && bscan=="USER2"  && jtag_cable_name =~ "Digilent Nexys4DDR 210292744050A"} -index 0
rst -processor
targets -set -nocase -filter {name =~ "microblaze*#0" && bscan=="USER2"  && jtag_cable_name =~ "Digilent Nexys4DDR 210292744050A"} -index 0
dow /home/vlsiuser/MB_ETH/NEX_ETH_IP/NEX_ETH_IP.sdk/echo_server_app_bsp_xemaclite_intr_example_1/Debug/echo_server_app_bsp_xemaclite_intr_example_1.elf
----------------End of Script----------------

15:50:15 INFO  : Memory regions updated for context PA
15:50:15 INFO  : Memory regions updated for context PA
15:50:15 INFO  : Context for processor 'microblaze_0' is selected.
15:50:15 INFO  : 'con' command is executed.
15:50:15 INFO  : ----------------XSDB Script (After Launch)----------------
targets -set -nocase -filter {name =~ "microblaze*#0" && bscan=="USER2"  && jtag_cable_name =~ "Digilent Nexys4DDR 210292744050A"} -index 0
con
----------------End of Script----------------

15:50:15 INFO  : Launch script is exported to file '/home/vlsiuser/MB_ETH/NEX_ETH_IP/NEX_ETH_IP.sdk/.sdk/launch_scripts/xilinx_c-c++_application_(system_debugger)/system_debugger_using_debug_echo_server_app_bsp_xemaclite_intr_example_1.elf_on_local.tcl'
15:51:14 INFO  : Disconnected from the channel tcfchan#2.
15:51:15 INFO  : 'targets -set -filter {jtag_cable_name =~ "Digilent Nexys4DDR 210292744050A" && level==0} -index 0' command is executed.
15:51:15 INFO  : 'fpga -state' command is executed.
15:51:15 INFO  : Connected to target on host '127.0.0.1' and port '3121'.
15:51:15 INFO  : Jtag cable 'Digilent Nexys4DDR 210292744050A' is selected.
15:51:15 INFO  : 'jtag frequency' command is executed.
15:51:15 INFO  : 'configparams mdm-detect-bscan-mask 2' command is executed.
15:51:15 INFO  : Context for processor 'microblaze_0' is selected.
15:51:15 INFO  : Processor reset is completed for 'microblaze_0'.
15:51:15 INFO  : Context for processor 'microblaze_0' is selected.
15:51:15 INFO  : The application '/home/vlsiuser/MB_ETH/NEX_ETH_IP/NEX_ETH_IP.sdk/echo_server_app_bsp_xemaclite_intr_example_1/Debug/echo_server_app_bsp_xemaclite_intr_example_1.elf' is downloaded to processor 'microblaze_0'.
15:51:15 INFO  : ----------------XSDB Script----------------
connect -url tcp:127.0.0.1:3121
configparams mdm-detect-bscan-mask 2
targets -set -nocase -filter {name =~ "microblaze*#0" && bscan=="USER2"  && jtag_cable_name =~ "Digilent Nexys4DDR 210292744050A"} -index 0
rst -processor
targets -set -nocase -filter {name =~ "microblaze*#0" && bscan=="USER2"  && jtag_cable_name =~ "Digilent Nexys4DDR 210292744050A"} -index 0
dow /home/vlsiuser/MB_ETH/NEX_ETH_IP/NEX_ETH_IP.sdk/echo_server_app_bsp_xemaclite_intr_example_1/Debug/echo_server_app_bsp_xemaclite_intr_example_1.elf
----------------End of Script----------------

15:51:15 INFO  : Memory regions updated for context PA
15:51:15 INFO  : Memory regions updated for context PA
15:51:15 INFO  : Context for processor 'microblaze_0' is selected.
15:51:15 INFO  : 'con' command is executed.
15:51:15 INFO  : ----------------XSDB Script (After Launch)----------------
targets -set -nocase -filter {name =~ "microblaze*#0" && bscan=="USER2"  && jtag_cable_name =~ "Digilent Nexys4DDR 210292744050A"} -index 0
con
----------------End of Script----------------

15:51:15 INFO  : Launch script is exported to file '/home/vlsiuser/MB_ETH/NEX_ETH_IP/NEX_ETH_IP.sdk/.sdk/launch_scripts/xilinx_c-c++_application_(system_debugger)/system_debugger_using_debug_echo_server_app_bsp_xemaclite_intr_example_1.elf_on_local.tcl'
15:51:27 INFO  : Disconnected from the channel tcfchan#3.
15:51:28 INFO  : 'targets -set -filter {jtag_cable_name =~ "Digilent Nexys4DDR 210292744050A" && level==0} -index 0' command is executed.
15:51:28 INFO  : 'fpga -state' command is executed.
15:51:28 INFO  : Connected to target on host '127.0.0.1' and port '3121'.
15:51:28 INFO  : Jtag cable 'Digilent Nexys4DDR 210292744050A' is selected.
15:51:28 INFO  : 'jtag frequency' command is executed.
15:51:28 INFO  : 'configparams mdm-detect-bscan-mask 2' command is executed.
15:51:28 INFO  : Context for processor 'microblaze_0' is selected.
15:51:28 INFO  : Processor reset is completed for 'microblaze_0'.
15:51:28 INFO  : Context for processor 'microblaze_0' is selected.
15:51:28 INFO  : The application '/home/vlsiuser/MB_ETH/NEX_ETH_IP/NEX_ETH_IP.sdk/echo_server_app_bsp_xemaclite_phy_loopback_example_1/Debug/echo_server_app_bsp_xemaclite_phy_loopback_example_1.elf' is downloaded to processor 'microblaze_0'.
15:51:28 INFO  : ----------------XSDB Script----------------
connect -url tcp:127.0.0.1:3121
configparams mdm-detect-bscan-mask 2
targets -set -nocase -filter {name =~ "microblaze*#0" && bscan=="USER2"  && jtag_cable_name =~ "Digilent Nexys4DDR 210292744050A"} -index 0
rst -processor
targets -set -nocase -filter {name =~ "microblaze*#0" && bscan=="USER2"  && jtag_cable_name =~ "Digilent Nexys4DDR 210292744050A"} -index 0
dow /home/vlsiuser/MB_ETH/NEX_ETH_IP/NEX_ETH_IP.sdk/echo_server_app_bsp_xemaclite_phy_loopback_example_1/Debug/echo_server_app_bsp_xemaclite_phy_loopback_example_1.elf
----------------End of Script----------------

15:51:28 INFO  : Memory regions updated for context PA
15:51:28 INFO  : Memory regions updated for context PA
15:51:28 INFO  : Context for processor 'microblaze_0' is selected.
15:51:28 INFO  : 'con' command is executed.
15:51:28 INFO  : ----------------XSDB Script (After Launch)----------------
targets -set -nocase -filter {name =~ "microblaze*#0" && bscan=="USER2"  && jtag_cable_name =~ "Digilent Nexys4DDR 210292744050A"} -index 0
con
----------------End of Script----------------

15:51:28 INFO  : Launch script is exported to file '/home/vlsiuser/MB_ETH/NEX_ETH_IP/NEX_ETH_IP.sdk/.sdk/launch_scripts/xilinx_c-c++_application_(system_debugger)/system_debugger_using_debug_echo_server_app_bsp_xemaclite_phy_loopback_example_1.elf_on_local.tcl'
15:53:20 INFO  : Disconnected from the channel tcfchan#4.
11:55:55 INFO  : Registering command handlers for SDK TCF services
11:55:56 INFO  : Launching XSCT server: xsct -n -interactive /home/vlsiuser/MB_ETH/MB_ETH_2/MB_ETH_2.sdk/temp_xsdb_launch_script.tcl
11:55:57 INFO  : XSCT server has started successfully.
11:55:57 INFO  : Successfully done setting XSCT server connection channel  
11:55:57 INFO  : Successfully done setting SDK workspace  
11:55:57 INFO  : Processing command line option -hwspec /home/vlsiuser/MB_ETH/MB_ETH_2/MB_ETH_2.sdk/MB_ETH_wrapper.hdf.
12:15:19 INFO  : Launching XSCT server: xsct -n -interactive /home/vlsiuser/MB_ETH/MB_ETH_2/MB_ETH_2.sdk/temp_xsdb_launch_script.tcl
12:15:20 INFO  : XSCT server has started successfully.
12:15:21 INFO  : Successfully done setting XSCT server connection channel  
12:15:21 INFO  : Successfully done setting SDK workspace  
12:15:21 INFO  : Registering command handlers for SDK TCF services
12:15:21 INFO  : Processing command line option -hwspec /home/vlsiuser/MB_ETH/MB_ETH_2/MB_ETH_2.sdk/MB_ETH_wrapper.hdf.
12:15:21 INFO  : Checking for hwspec changes in the project MB_ETH_wrapper_hw_platform_1.
12:23:39 INFO  : Connected to target on host '127.0.0.1' and port '3121'.
12:23:39 INFO  : 'targets -set -filter {jtag_cable_name =~ "Digilent Nexys4DDR 210292744050A" && level==0} -index 0' command is executed.
12:23:41 INFO  : FPGA configured successfully with bitstream "/home/vlsiuser/MB_ETH/MB_ETH_2/MB_ETH_2.sdk/MB_ETH_wrapper_hw_platform_0/download.bit"
12:24:07 INFO  : Connected to target on host '127.0.0.1' and port '3121'.
12:24:07 INFO  : 'targets -set -filter {jtag_cable_name =~ "Digilent Nexys4DDR 210292744050A" && level==0} -index 0' command is executed.
12:24:09 INFO  : FPGA configured successfully with bitstream "/home/vlsiuser/MB_ETH/MB_ETH_2/MB_ETH_2.sdk/MB_ETH_wrapper_hw_platform_0/download.bit"
12:24:36 INFO  : 'targets -set -filter {jtag_cable_name =~ "Digilent Nexys4DDR 210292744050A" && level==0} -index 0' command is executed.
12:24:36 INFO  : 'fpga -state' command is executed.
12:24:36 INFO  : Connected to target on host '127.0.0.1' and port '3121'.
12:24:36 INFO  : Jtag cable 'Digilent Nexys4DDR 210292744050A' is selected.
12:24:36 INFO  : 'jtag frequency' command is executed.
12:24:36 INFO  : 'configparams mdm-detect-bscan-mask 2' command is executed.
12:24:36 INFO  : Context for processor 'microblaze_0' is selected.
12:24:36 INFO  : Processor reset is completed for 'microblaze_0'.
12:24:36 INFO  : Context for processor 'microblaze_0' is selected.
12:24:37 INFO  : The application '/home/vlsiuser/MB_ETH/MB_ETH_2/MB_ETH_2.sdk/echo_server_app/Debug/echo_server_app.elf' is downloaded to processor 'microblaze_0'.
12:24:37 INFO  : ----------------XSDB Script----------------
connect -url tcp:127.0.0.1:3121
configparams mdm-detect-bscan-mask 2
targets -set -nocase -filter {name =~ "microblaze*#0" && bscan=="USER2"  && jtag_cable_name =~ "Digilent Nexys4DDR 210292744050A"} -index 0
rst -processor
targets -set -nocase -filter {name =~ "microblaze*#0" && bscan=="USER2"  && jtag_cable_name =~ "Digilent Nexys4DDR 210292744050A"} -index 0
dow /home/vlsiuser/MB_ETH/MB_ETH_2/MB_ETH_2.sdk/echo_server_app/Debug/echo_server_app.elf
----------------End of Script----------------

12:24:37 INFO  : Memory regions updated for context PA
12:24:37 INFO  : Memory regions updated for context PA
12:24:37 INFO  : Context for processor 'microblaze_0' is selected.
12:24:37 INFO  : 'con' command is executed.
12:24:37 INFO  : ----------------XSDB Script (After Launch)----------------
targets -set -nocase -filter {name =~ "microblaze*#0" && bscan=="USER2"  && jtag_cable_name =~ "Digilent Nexys4DDR 210292744050A"} -index 0
con
----------------End of Script----------------

12:24:37 INFO  : Launch script is exported to file '/home/vlsiuser/MB_ETH/MB_ETH_2/MB_ETH_2.sdk/.sdk/launch_scripts/xilinx_c-c++_application_(system_debugger)/system_debugger_using_debug_echo_server_app.elf_on_local.tcl'
09:23:30 INFO  : Disconnected from the channel tcfchan#1.
14:32:36 INFO  : Registering command handlers for SDK TCF services
14:32:36 INFO  : Launching XSCT server: xsct -n -interactive /home/vlsiuser/MB_ETH/MB_ETH_2/MB_ETH_2.sdk/temp_xsdb_launch_script.tcl
14:32:37 INFO  : XSCT server has started successfully.
14:32:37 INFO  : Successfully done setting XSCT server connection channel  
14:32:37 INFO  : Successfully done setting SDK workspace  
14:32:37 INFO  : Processing command line option -hwspec /home/vlsiuser/MB_ETH/MB_ETH_2/MB_ETH_2.sdk/MB_ETH_wrapper.hdf.
14:32:37 INFO  : Checking for hwspec changes in the project MB_ETH_wrapper_hw_platform_1.
14:35:17 INFO  : Connected to target on host '127.0.0.1' and port '3121'.
14:35:17 INFO  : 'targets -set -filter {jtag_cable_name =~ "Digilent Nexys4DDR 210292744050A" && level==0} -index 0' command is executed.
14:35:19 INFO  : FPGA configured successfully with bitstream "/home/vlsiuser/MB_ETH/MB_ETH_2/MB_ETH_2.sdk/MB_ETH_wrapper_hw_platform_0/download.bit"
14:35:50 INFO  : 'targets -set -filter {jtag_cable_name =~ "Digilent Nexys4DDR 210292744050A" && level==0} -index 0' command is executed.
14:35:50 INFO  : 'fpga -state' command is executed.
14:35:50 INFO  : Connected to target on host '127.0.0.1' and port '3121'.
14:35:50 INFO  : Jtag cable 'Digilent Nexys4DDR 210292744050A' is selected.
14:35:50 INFO  : 'jtag frequency' command is executed.
14:35:50 INFO  : 'configparams mdm-detect-bscan-mask 2' command is executed.
14:35:50 INFO  : Context for processor 'microblaze_0' is selected.
14:35:50 INFO  : Processor reset is completed for 'microblaze_0'.
14:35:50 INFO  : Context for processor 'microblaze_0' is selected.
14:35:51 INFO  : The application '/home/vlsiuser/MB_ETH/MB_ETH_2/MB_ETH_2.sdk/echo_server_app/Debug/echo_server_app.elf' is downloaded to processor 'microblaze_0'.
14:35:51 INFO  : ----------------XSDB Script----------------
connect -url tcp:127.0.0.1:3121
configparams mdm-detect-bscan-mask 2
targets -set -nocase -filter {name =~ "microblaze*#0" && bscan=="USER2"  && jtag_cable_name =~ "Digilent Nexys4DDR 210292744050A"} -index 0
rst -processor
targets -set -nocase -filter {name =~ "microblaze*#0" && bscan=="USER2"  && jtag_cable_name =~ "Digilent Nexys4DDR 210292744050A"} -index 0
dow /home/vlsiuser/MB_ETH/MB_ETH_2/MB_ETH_2.sdk/echo_server_app/Debug/echo_server_app.elf
----------------End of Script----------------

14:35:51 INFO  : Memory regions updated for context PA
14:35:51 INFO  : Memory regions updated for context PA
14:35:51 INFO  : Context for processor 'microblaze_0' is selected.
14:35:51 INFO  : 'con' command is executed.
14:35:51 INFO  : ----------------XSDB Script (After Launch)----------------
targets -set -nocase -filter {name =~ "microblaze*#0" && bscan=="USER2"  && jtag_cable_name =~ "Digilent Nexys4DDR 210292744050A"} -index 0
con
----------------End of Script----------------

14:35:51 INFO  : Launch script is exported to file '/home/vlsiuser/MB_ETH/MB_ETH_2/MB_ETH_2.sdk/.sdk/launch_scripts/xilinx_c-c++_application_(system_debugger)/system_debugger_using_debug_echo_server_app.elf_on_local.tcl'
14:36:42 INFO  : Disconnected from the channel tcfchan#1.
14:36:43 INFO  : 'targets -set -filter {jtag_cable_name =~ "Digilent Nexys4DDR 210292744050A" && level==0} -index 0' command is executed.
14:36:43 INFO  : 'fpga -state' command is executed.
14:36:43 INFO  : Connected to target on host '127.0.0.1' and port '3121'.
14:36:44 INFO  : Jtag cable 'Digilent Nexys4DDR 210292744050A' is selected.
14:36:44 INFO  : 'jtag frequency' command is executed.
14:36:44 INFO  : 'configparams mdm-detect-bscan-mask 2' command is executed.
14:36:44 INFO  : Context for processor 'microblaze_0' is selected.
14:36:44 INFO  : Processor reset is completed for 'microblaze_0'.
14:36:44 INFO  : Context for processor 'microblaze_0' is selected.
14:36:44 INFO  : The application '/home/vlsiuser/MB_ETH/MB_ETH_2/MB_ETH_2.sdk/echo_server_app/Debug/echo_server_app.elf' is downloaded to processor 'microblaze_0'.
14:36:44 INFO  : ----------------XSDB Script----------------
connect -url tcp:127.0.0.1:3121
configparams mdm-detect-bscan-mask 2
targets -set -nocase -filter {name =~ "microblaze*#0" && bscan=="USER2"  && jtag_cable_name =~ "Digilent Nexys4DDR 210292744050A"} -index 0
rst -processor
targets -set -nocase -filter {name =~ "microblaze*#0" && bscan=="USER2"  && jtag_cable_name =~ "Digilent Nexys4DDR 210292744050A"} -index 0
dow /home/vlsiuser/MB_ETH/MB_ETH_2/MB_ETH_2.sdk/echo_server_app/Debug/echo_server_app.elf
----------------End of Script----------------

14:36:44 INFO  : Memory regions updated for context PA
14:36:44 INFO  : Memory regions updated for context PA
14:36:44 INFO  : Context for processor 'microblaze_0' is selected.
14:36:44 INFO  : 'con' command is executed.
14:36:44 INFO  : ----------------XSDB Script (After Launch)----------------
targets -set -nocase -filter {name =~ "microblaze*#0" && bscan=="USER2"  && jtag_cable_name =~ "Digilent Nexys4DDR 210292744050A"} -index 0
con
----------------End of Script----------------

14:36:44 INFO  : Launch script is exported to file '/home/vlsiuser/MB_ETH/MB_ETH_2/MB_ETH_2.sdk/.sdk/launch_scripts/xilinx_c-c++_application_(system_debugger)/system_debugger_using_debug_echo_server_app.elf_on_local.tcl'
14:37:25 INFO  : Disconnected from the channel tcfchan#2.
14:37:26 INFO  : 'targets -set -filter {jtag_cable_name =~ "Digilent Nexys4DDR 210292744050A" && level==0} -index 0' command is executed.
14:37:26 INFO  : 'fpga -state' command is executed.
14:37:26 INFO  : Connected to target on host '127.0.0.1' and port '3121'.
14:37:26 INFO  : Jtag cable 'Digilent Nexys4DDR 210292744050A' is selected.
14:37:26 INFO  : 'jtag frequency' command is executed.
14:37:26 INFO  : 'configparams mdm-detect-bscan-mask 2' command is executed.
14:37:26 INFO  : Context for processor 'microblaze_0' is selected.
14:37:26 INFO  : Processor reset is completed for 'microblaze_0'.
14:37:26 INFO  : Context for processor 'microblaze_0' is selected.
14:37:27 INFO  : The application '/home/vlsiuser/MB_ETH/MB_ETH_2/MB_ETH_2.sdk/echo_server_app/Debug/echo_server_app.elf' is downloaded to processor 'microblaze_0'.
14:37:27 INFO  : ----------------XSDB Script----------------
connect -url tcp:127.0.0.1:3121
configparams mdm-detect-bscan-mask 2
targets -set -nocase -filter {name =~ "microblaze*#0" && bscan=="USER2"  && jtag_cable_name =~ "Digilent Nexys4DDR 210292744050A"} -index 0
rst -processor
targets -set -nocase -filter {name =~ "microblaze*#0" && bscan=="USER2"  && jtag_cable_name =~ "Digilent Nexys4DDR 210292744050A"} -index 0
dow /home/vlsiuser/MB_ETH/MB_ETH_2/MB_ETH_2.sdk/echo_server_app/Debug/echo_server_app.elf
----------------End of Script----------------

14:37:27 INFO  : Memory regions updated for context PA
14:37:27 INFO  : Memory regions updated for context PA
14:37:27 INFO  : Context for processor 'microblaze_0' is selected.
14:37:27 INFO  : 'con' command is executed.
14:37:27 INFO  : ----------------XSDB Script (After Launch)----------------
targets -set -nocase -filter {name =~ "microblaze*#0" && bscan=="USER2"  && jtag_cable_name =~ "Digilent Nexys4DDR 210292744050A"} -index 0
con
----------------End of Script----------------

14:37:27 INFO  : Launch script is exported to file '/home/vlsiuser/MB_ETH/MB_ETH_2/MB_ETH_2.sdk/.sdk/launch_scripts/xilinx_c-c++_application_(system_debugger)/system_debugger_using_debug_echo_server_app.elf_on_local.tcl'
15:33:41 INFO  : Connected to target on host '127.0.0.1' and port '3121'.
15:33:41 INFO  : 'targets -set -filter {jtag_cable_name =~ "Digilent Nexys4DDR 210292744050A" && level==0} -index 0' command is executed.
15:33:43 INFO  : FPGA configured successfully with bitstream "/home/vlsiuser/MB_ETH/MB_ETH_2/MB_ETH_2.sdk/MB_ETH_wrapper_hw_platform_0/download.bit"
15:34:04 INFO  : Disconnected from the channel tcfchan#3.
15:34:07 INFO  : 'targets -set -filter {jtag_cable_name =~ "Digilent Nexys4DDR 210292744050A" && level==0} -index 0' command is executed.
15:34:07 INFO  : 'fpga -state' command is executed.
15:34:07 INFO  : Connected to target on host '127.0.0.1' and port '3121'.
15:34:07 INFO  : Jtag cable 'Digilent Nexys4DDR 210292744050A' is selected.
15:34:07 INFO  : 'jtag frequency' command is executed.
15:34:07 INFO  : 'configparams mdm-detect-bscan-mask 2' command is executed.
15:34:07 INFO  : Context for processor 'microblaze_0' is selected.
15:34:07 INFO  : Processor reset is completed for 'microblaze_0'.
15:34:07 INFO  : Context for processor 'microblaze_0' is selected.
15:34:07 INFO  : The application '/home/vlsiuser/MB_ETH/MB_ETH_2/MB_ETH_2.sdk/echo_server_app/Debug/echo_server_app.elf' is downloaded to processor 'microblaze_0'.
15:34:07 INFO  : ----------------XSDB Script----------------
connect -url tcp:127.0.0.1:3121
configparams mdm-detect-bscan-mask 2
targets -set -nocase -filter {name =~ "microblaze*#0" && bscan=="USER2"  && jtag_cable_name =~ "Digilent Nexys4DDR 210292744050A"} -index 0
rst -processor
targets -set -nocase -filter {name =~ "microblaze*#0" && bscan=="USER2"  && jtag_cable_name =~ "Digilent Nexys4DDR 210292744050A"} -index 0
dow /home/vlsiuser/MB_ETH/MB_ETH_2/MB_ETH_2.sdk/echo_server_app/Debug/echo_server_app.elf
----------------End of Script----------------

15:34:07 INFO  : Memory regions updated for context PA
15:34:07 INFO  : Memory regions updated for context PA
15:34:07 INFO  : Context for processor 'microblaze_0' is selected.
15:34:07 INFO  : 'con' command is executed.
15:34:07 INFO  : ----------------XSDB Script (After Launch)----------------
targets -set -nocase -filter {name =~ "microblaze*#0" && bscan=="USER2"  && jtag_cable_name =~ "Digilent Nexys4DDR 210292744050A"} -index 0
con
----------------End of Script----------------

15:34:07 INFO  : Launch script is exported to file '/home/vlsiuser/MB_ETH/MB_ETH_2/MB_ETH_2.sdk/.sdk/launch_scripts/xilinx_c-c++_application_(system_debugger)/system_debugger_using_debug_echo_server_app.elf_on_local.tcl'
