11:57:19 INFO  : Registering command handlers for SDK TCF services
11:57:20 INFO  : Launching XSCT server: xsct -n -interactive /home/vlsiuser/MB_ETH/MB_ETH_2/temp_xsdb_launch_script.tcl
11:57:21 INFO  : XSCT server has started successfully.
11:57:21 INFO  : Successfully done setting XSCT server connection channel  
11:57:21 INFO  : Successfully done setting SDK workspace  
11:57:21 INFO  : Processing command line option -hwspec /home/vlsiuser/MB_ETH/MB_ETH_2/MB_ETH_2.sdk/MB_ETH_wrapper.hdf.
12:13:31 INFO  : Refreshed build settings on project ECHO_SER_ETH
12:19:03 INFO  : Connected to target on host '127.0.0.1' and port '3121'.
12:19:03 INFO  : 'targets -set -filter {jtag_cable_name =~ "Digilent Nexys4DDR 210292744050A" && level==0} -index 0' command is executed.
12:19:06 INFO  : FPGA configured successfully with bitstream "/home/vlsiuser/MB_ETH/MB_ETH_2/MB_ETH_wrapper_hw_platform_0/download.bit"
12:23:38 INFO  : 'targets -set -filter {jtag_cable_name =~ "Digilent Nexys4DDR 210292744050A" && level==0} -index 0' command is executed.
12:23:38 INFO  : 'fpga -state' command is executed.
12:23:38 INFO  : Connected to target on host '127.0.0.1' and port '3121'.
12:23:38 INFO  : Jtag cable 'Digilent Nexys4DDR 210292744050A' is selected.
12:23:38 INFO  : 'jtag frequency' command is executed.
12:23:38 INFO  : 'configparams mdm-detect-bscan-mask 2' command is executed.
12:23:38 INFO  : Context for processor 'microblaze_0' is selected.
12:23:38 INFO  : Processor reset is completed for 'microblaze_0'.
12:23:38 INFO  : Context for processor 'microblaze_0' is selected.
12:23:38 INFO  : The application '/home/vlsiuser/MB_ETH/MB_ETH_2/ECHO_SER_ETH/Debug/ECHO_SER_ETH.elf' is downloaded to processor 'microblaze_0'.
12:23:38 INFO  : ----------------XSDB Script----------------
connect -url tcp:127.0.0.1:3121
configparams mdm-detect-bscan-mask 2
targets -set -nocase -filter {name =~ "microblaze*#0" && bscan=="USER2"  && jtag_cable_name =~ "Digilent Nexys4DDR 210292744050A"} -index 0
rst -processor
targets -set -nocase -filter {name =~ "microblaze*#0" && bscan=="USER2"  && jtag_cable_name =~ "Digilent Nexys4DDR 210292744050A"} -index 0
dow /home/vlsiuser/MB_ETH/MB_ETH_2/ECHO_SER_ETH/Debug/ECHO_SER_ETH.elf
----------------End of Script----------------

12:23:39 INFO  : Memory regions updated for context PA
12:23:39 INFO  : Memory regions updated for context PA
12:23:39 INFO  : Context for processor 'microblaze_0' is selected.
12:23:39 INFO  : 'con' command is executed.
12:23:39 INFO  : ----------------XSDB Script (After Launch)----------------
targets -set -nocase -filter {name =~ "microblaze*#0" && bscan=="USER2"  && jtag_cable_name =~ "Digilent Nexys4DDR 210292744050A"} -index 0
con
----------------End of Script----------------

12:23:39 INFO  : Launch script is exported to file '/home/vlsiuser/MB_ETH/MB_ETH_2/.sdk/launch_scripts/xilinx_c-c++_application_(system_debugger)/system_debugger_using_debug_echo_ser_eth.elf_on_local_(1).tcl'
15:48:36 INFO  : Connected to target on host '127.0.0.1' and port '3121'.
15:48:36 INFO  : 'targets -set -filter {jtag_cable_name =~ "Digilent Nexys4DDR 210292744050A" && level==0} -index 0' command is executed.
15:48:38 INFO  : FPGA configured successfully with bitstream "/home/vlsiuser/MB_ETH/MB_ETH_2/MB_ETH_wrapper_hw_platform_0/download.bit"
15:49:59 INFO  : Disconnected from the channel tcfchan#1.
15:50:00 INFO  : 'targets -set -filter {jtag_cable_name =~ "Digilent Nexys4DDR 210292744050A" && level==0} -index 0' command is executed.
15:50:00 INFO  : 'fpga -state' command is executed.
15:50:00 INFO  : Connected to target on host '127.0.0.1' and port '3121'.
15:50:00 INFO  : Jtag cable 'Digilent Nexys4DDR 210292744050A' is selected.
15:50:00 INFO  : 'jtag frequency' command is executed.
15:50:00 INFO  : 'configparams mdm-detect-bscan-mask 2' command is executed.
15:50:00 INFO  : Context for processor 'microblaze_0' is selected.
15:50:00 INFO  : Processor reset is completed for 'microblaze_0'.
15:50:00 INFO  : Context for processor 'microblaze_0' is selected.
15:50:01 INFO  : The application '/home/vlsiuser/MB_ETH/MB_ETH_2/ECHO_SER_ETH/Debug/ECHO_SER_ETH.elf' is downloaded to processor 'microblaze_0'.
15:50:01 INFO  : ----------------XSDB Script----------------
connect -url tcp:127.0.0.1:3121
configparams mdm-detect-bscan-mask 2
targets -set -nocase -filter {name =~ "microblaze*#0" && bscan=="USER2"  && jtag_cable_name =~ "Digilent Nexys4DDR 210292744050A"} -index 0
rst -processor
targets -set -nocase -filter {name =~ "microblaze*#0" && bscan=="USER2"  && jtag_cable_name =~ "Digilent Nexys4DDR 210292744050A"} -index 0
dow /home/vlsiuser/MB_ETH/MB_ETH_2/ECHO_SER_ETH/Debug/ECHO_SER_ETH.elf
----------------End of Script----------------

15:50:01 INFO  : Memory regions updated for context PA
15:50:01 INFO  : Memory regions updated for context PA
15:50:01 INFO  : Context for processor 'microblaze_0' is selected.
15:50:01 INFO  : 'con' command is executed.
15:50:01 INFO  : ----------------XSDB Script (After Launch)----------------
targets -set -nocase -filter {name =~ "microblaze*#0" && bscan=="USER2"  && jtag_cable_name =~ "Digilent Nexys4DDR 210292744050A"} -index 0
con
----------------End of Script----------------

15:50:01 INFO  : Launch script is exported to file '/home/vlsiuser/MB_ETH/MB_ETH_2/.sdk/launch_scripts/xilinx_c-c++_application_(system_debugger)/system_debugger_using_debug_echo_ser_eth.elf_on_local.tcl'
09:34:46 INFO  : Disconnected from the channel tcfchan#2.
