#-----------------------------------------------------------
# Vivado v2018.3 (64-bit)
# SW Build 2405991 on Thu Dec  6 23:36:41 MST 2018
# IP Build 2404404 on Fri Dec  7 01:43:56 MST 2018
# Start of session at: Wed Aug 13 11:53:41 2025
# Process ID: 8210
# Current directory: /home/vlsiuser/MB_ETH
# Command line: vivado
# Log file: /home/vlsiuser/MB_ETH/vivado.log
# Journal file: /home/vlsiuser/MB_ETH/vivado.jou
#-----------------------------------------------------------
start_gui
open_project /home/vlsiuser/MB_ETH/NEX_ETH_IP/NEX_ETH_IP.xpr
Scanning sources...
Finished scanning sources
INFO: [IP_Flow 19-234] Refreshing IP repositories
INFO: [IP_Flow 19-1704] No user IP repositories specified
INFO: [IP_Flow 19-2313] Loaded Vivado IP repository '/home/vlsiuser/SMDP/Xilinx/Vivado/2018.3/data/ip'.
update_compile_order -fileset sources_1
open_bd_design {/home/vlsiuser/MB_ETH/NEX_ETH_IP/NEX_ETH_IP.srcs/sources_1/bd/MB_ETH/MB_ETH.bd}
Adding cell -- xilinx.com:ip:microblaze:11.0 - microblaze_0
Adding cell -- xilinx.com:ip:lmb_v10:3.0 - dlmb_v10
Adding cell -- xilinx.com:ip:lmb_v10:3.0 - ilmb_v10
Adding cell -- xilinx.com:ip:lmb_bram_if_cntlr:4.0 - dlmb_bram_if_cntlr
Adding cell -- xilinx.com:ip:lmb_bram_if_cntlr:4.0 - ilmb_bram_if_cntlr
Adding cell -- xilinx.com:ip:blk_mem_gen:8.4 - lmb_bram
Adding cell -- xilinx.com:ip:axi_interconnect:2.1 - microblaze_0_axi_periph
Adding cell -- xilinx.com:ip:axi_crossbar:2.1 - xbar
Adding cell -- xilinx.com:ip:axi_intc:4.1 - microblaze_0_axi_intc
Adding cell -- xilinx.com:ip:xlconcat:2.1 - microblaze_0_xlconcat
Adding cell -- xilinx.com:ip:mdm:3.2 - mdm_1
Adding cell -- xilinx.com:ip:clk_wiz:6.0 - clk_wiz_1
Adding cell -- xilinx.com:ip:proc_sys_reset:5.0 - rst_clk_wiz_1_100M
Adding cell -- xilinx.com:ip:mig_7series:4.2 - mig_7series_0
Adding cell -- xilinx.com:ip:mii_to_rmii:2.0 - mii_to_rmii_0
Adding cell -- xilinx.com:ip:axi_uartlite:2.0 - axi_uartlite_0
Adding cell -- xilinx.com:ip:axi_ethernetlite:3.0 - axi_ethernetlite_0
Adding cell -- xilinx.com:ip:axi_timer:2.0 - axi_timer_0
Adding cell -- xilinx.com:ip:smartconnect:1.0 - axi_smc
Adding cell -- xilinx.com:ip:proc_sys_reset:5.0 - rst_mig_7series_0_81M
Successfully read diagram <MB_ETH> from BD file </home/vlsiuser/MB_ETH/NEX_ETH_IP/NEX_ETH_IP.srcs/sources_1/bd/MB_ETH/MB_ETH.bd>
INFO: [BD 41-433] 
Design successfully migrated to use XCI files...
save_project_as MB_ETH_2 /home/vlsiuser/MB_ETH/MB_ETH_2 -force
Wrote  : </home/vlsiuser/MB_ETH/MB_ETH_2/MB_ETH_2.srcs/sources_1/bd/MB_ETH/ui/bd_34718c0f.ui> 
launch_sdk -workspace /home/vlsiuser/MB_ETH/MB_ETH_2/MB_ETH_2.sdk -hwspec /home/vlsiuser/MB_ETH/MB_ETH_2/MB_ETH_2.sdk/MB_ETH_wrapper.hdf
INFO: [Vivado 12-393] Launching SDK...
INFO: [Vivado 12-417] Running xsdk -workspace /home/vlsiuser/MB_ETH/MB_ETH_2/MB_ETH_2.sdk -hwspec /home/vlsiuser/MB_ETH/MB_ETH_2/MB_ETH_2.sdk/MB_ETH_wrapper.hdf
INFO: [Vivado 12-3157] SDK launch initiated. Please check console for any further messages.
file copy -force /home/vlsiuser/MB_ETH/MB_ETH_2/MB_ETH_2.runs/impl_1/MB_ETH_wrapper.sysdef /home/vlsiuser/MB_ETH/MB_ETH_2/MB_ETH_2.sdk/MB_ETH_wrapper.hdf

