#-----------------------------------------------------------
# Vivado v2018.3 (64-bit)
# SW Build 2405991 on Thu Dec  6 23:36:41 MST 2018
# IP Build 2404404 on Fri Dec  7 01:43:56 MST 2018
# Start of session at: Thu Aug  7 11:14:47 2025
# Process ID: 5946
# Current directory: /home/vlsiuser/MB_ETH
# Command line: vivado
# Log file: /home/vlsiuser/MB_ETH/vivado.log
# Journal file: /home/vlsiuser/MB_ETH/vivado.jou
#-----------------------------------------------------------
start_gui
open_project /home/vlsiuser/MB_ETH/NEX_ETH_IP/NEX_ETH_IP.xpr
Scanning sources...
Finished scanning sources
INFO: [IP_Flow 19-234] Refreshing IP repositories
INFO: [IP_Flow 19-1704] No user IP repositories specified
INFO: [IP_Flow 19-2313] Loaded Vivado IP repository '/home/vlsiuser/SMDP/Xilinx/Vivado/2018.3/data/ip'.
update_compile_order -fileset sources_1
launch_sdk -workspace /home/vlsiuser/MB_ETH/NEX_ETH_IP/NEX_ETH_IP.sdk -hwspec /home/vlsiuser/MB_ETH/NEX_ETH_IP/NEX_ETH_IP.sdk/MB_ETH_wrapper.hdf
INFO: [Vivado 12-393] Launching SDK...
INFO: [Vivado 12-417] Running xsdk -workspace /home/vlsiuser/MB_ETH/NEX_ETH_IP/NEX_ETH_IP.sdk -hwspec /home/vlsiuser/MB_ETH/NEX_ETH_IP/NEX_ETH_IP.sdk/MB_ETH_wrapper.hdf
INFO: [Vivado 12-3157] SDK launch initiated. Please check console for any further messages.
open_bd_design {/home/vlsiuser/MB_ETH/NEX_ETH_IP/NEX_ETH_IP.srcs/sources_1/bd/MB_ETH/MB_ETH.bd}
Adding cell -- xilinx.com:ip:microblaze:11.0 - microblaze_0
Adding cell -- xilinx.com:ip:lmb_v10:3.0 - dlmb_v10
Adding cell -- xilinx.com:ip:lmb_v10:3.0 - ilmb_v10
Adding cell -- xilinx.com:ip:lmb_bram_if_cntlr:4.0 - dlmb_bram_if_cntlr
Adding cell -- xilinx.com:ip:lmb_bram_if_cntlr:4.0 - ilmb_bram_if_cntlr
Adding cell -- xilinx.com:ip:blk_mem_gen:8.4 - lmb_bram
Adding cell -- xilinx.com:ip:axi_interconnect:2.1 - microblaze_0_axi_periph
Adding cell -- xilinx.com:ip:axi_crossbar:2.1 - xbar
Adding cell -- xilinx.com:ip:axi_intc:4.1 - microblaze_0_axi_intc
Adding cell -- xilinx.com:ip:xlconcat:2.1 - microblaze_0_xlconcat
Adding cell -- xilinx.com:ip:mdm:3.2 - mdm_1
Adding cell -- xilinx.com:ip:clk_wiz:6.0 - clk_wiz_1
Adding cell -- xilinx.com:ip:proc_sys_reset:5.0 - rst_clk_wiz_1_100M
Adding cell -- xilinx.com:ip:mig_7series:4.2 - mig_7series_0
Adding cell -- xilinx.com:ip:mii_to_rmii:2.0 - mii_to_rmii_0
Adding cell -- xilinx.com:ip:axi_uartlite:2.0 - axi_uartlite_0
Adding cell -- xilinx.com:ip:axi_ethernetlite:3.0 - axi_ethernetlite_0
Adding cell -- xilinx.com:ip:axi_timer:2.0 - axi_timer_0
Adding cell -- xilinx.com:ip:smartconnect:1.0 - axi_smc
Adding cell -- xilinx.com:ip:proc_sys_reset:5.0 - rst_mig_7series_0_81M
Successfully read diagram <MB_ETH> from BD file </home/vlsiuser/MB_ETH/NEX_ETH_IP/NEX_ETH_IP.srcs/sources_1/bd/MB_ETH/MB_ETH.bd>
validate_bd_design -force
WARNING: [BD 41-1284] Cannot set parameter SUGGESTED_PRIORITY on port /microblaze_0_axi_intc/intr
WARNING: [BD 41-1284] Cannot set parameter SUGGESTED_PRIORITY on port /microblaze_0_axi_intc/intr
WARNING: [BD 41-1284] Cannot set parameter SUGGESTED_PRIORITY on port /microblaze_0_axi_intc/intr
WARNING: [BD 41-1284] Cannot set parameter SUGGESTED_PRIORITY on port /microblaze_0_axi_intc/intr
WARNING: [BD 41-1284] Cannot set parameter SUGGESTED_PRIORITY on port /microblaze_0_axi_intc/intr
WARNING: [BD 41-1284] Cannot set parameter SUGGESTED_PRIORITY on port /microblaze_0_axi_intc/intr
WARNING: [BD 41-1284] Cannot set parameter SUGGESTED_PRIORITY on port /microblaze_0_axi_intc/intr
WARNING: [BD 41-1284] Cannot set parameter SUGGESTED_PRIORITY on port /microblaze_0_axi_intc/intr
WARNING: [BD 41-1284] Cannot set parameter SUGGESTED_PRIORITY on port /microblaze_0_axi_intc/intr
WARNING: [BD 41-1284] Cannot set parameter SUGGESTED_PRIORITY on port /microblaze_0_axi_intc/intr
WARNING: [BD 41-1284] Cannot set parameter SUGGESTED_PRIORITY on port /microblaze_0_axi_intc/intr
WARNING: [BD 41-1284] Cannot set parameter SUGGESTED_PRIORITY on port /microblaze_0_axi_intc/intr
INFO: [xilinx.com:ip:microblaze:11.0-16] /microblaze_0: Setting D-cache cacheable area base address C_DCACHE_BASEADDR to 0x80000000 and high address C_DCACHE_HIGHADDR to 0x87FFFFFF.
INFO: [xilinx.com:ip:microblaze:11.0-16] /microblaze_0: Setting I-cache cacheable area base address C_ICACHE_BASEADDR to 0x80000000 and high address C_ICACHE_HIGHADDR to 0x87FFFFFF.
INFO: [xilinx.com:ip:microblaze:11.0-16] /microblaze_0: Setting D-cache cacheable area base address C_DCACHE_BASEADDR to 0x80000000 and high address C_DCACHE_HIGHADDR to 0x87FFFFFF.
INFO: [xilinx.com:ip:microblaze:11.0-16] /microblaze_0: Setting I-cache cacheable area base address C_ICACHE_BASEADDR to 0x80000000 and high address C_ICACHE_HIGHADDR to 0x87FFFFFF.
INFO: [xilinx.com:ip:axi_intc:4.1-1] /microblaze_0_axi_intc: The AXI INTC core has been configured to operate with synchronous clocks.
INFO: [xilinx.com:ip:axi_intc:4.1-1] /microblaze_0_axi_intc: The AXI INTC core has been configured to operate with synchronous clocks.
