#-----------------------------------------------------------
# Vivado v2018.3 (64-bit)
# SW Build 2405991 on Thu Dec  6 23:36:41 MST 2018
# IP Build 2404404 on Fri Dec  7 01:43:56 MST 2018
# Start of session at: Fri Aug  8 15:01:27 2025
# Process ID: 5986
# Current directory: /home/vlsiuser/MB_ETH
# Command line: vivado
# Log file: /home/vlsiuser/MB_ETH/vivado.log
# Journal file: /home/vlsiuser/MB_ETH/vivado.jou
#-----------------------------------------------------------
start_gui
open_project /home/vlsiuser/MB_ETH/NEX_ETH_IP/NEX_ETH_IP.xpr
Scanning sources...
Finished scanning sources
INFO: [IP_Flow 19-234] Refreshing IP repositories
INFO: [IP_Flow 19-1704] No user IP repositories specified
INFO: [IP_Flow 19-2313] Loaded Vivado IP repository '/home/vlsiuser/SMDP/Xilinx/Vivado/2018.3/data/ip'.
update_compile_order -fileset sources_1
launch_sdk -workspace /home/vlsiuser/MB_ETH/NEX_ETH_IP/NEX_ETH_IP.sdk -hwspec /home/vlsiuser/MB_ETH/NEX_ETH_IP/NEX_ETH_IP.sdk/MB_ETH_wrapper.hdf
INFO: [Vivado 12-393] Launching SDK...
INFO: [Vivado 12-417] Running xsdk -workspace /home/vlsiuser/MB_ETH/NEX_ETH_IP/NEX_ETH_IP.sdk -hwspec /home/vlsiuser/MB_ETH/NEX_ETH_IP/NEX_ETH_IP.sdk/MB_ETH_wrapper.hdf
INFO: [Vivado 12-3157] SDK launch initiated. Please check console for any further messages.
launch_sdk -workspace /home/vlsiuser/MB_ETH/NEX_ETH_IP/NEX_ETH_IP.sdk -hwspec /home/vlsiuser/MB_ETH/NEX_ETH_IP/NEX_ETH_IP.sdk/MB_ETH_wrapper.hdf
INFO: [Vivado 12-393] Launching SDK...
INFO: [Vivado 12-417] Running xsdk -workspace /home/vlsiuser/MB_ETH/NEX_ETH_IP/NEX_ETH_IP.sdk -hwspec /home/vlsiuser/MB_ETH/NEX_ETH_IP/NEX_ETH_IP.sdk/MB_ETH_wrapper.hdf
INFO: [Vivado 12-3157] SDK launch initiated. Please check console for any further messages.
exit
INFO: [Common 17-206] Exiting Vivado at Fri Aug  8 15:21:53 2025...
