15:46:59 **** Build of configuration Debug for project echo_server_app_bsp_xemaclite_ping_req_example_1 ****
make all 
Building file: ../src/xemaclite_example_util.c
Invoking: MicroBlaze gcc compiler
mb-gcc -Wall -O0 -g3 -c -fmessage-length=0 -MT"src/xemaclite_example_util.o" -I../../echo_server_app_bsp/microblaze_0/include -mlittle-endian -mcpu=v11.0 -mxl-soft-mul -Wl,--no-relax -ffunction-sections -fdata-sections -MMD -MP -MF"src/xemaclite_example_util.d" -MT"src/xemaclite_example_util.o" -o "src/xemaclite_example_util.o" "../src/xemaclite_example_util.c"
Finished building: ../src/xemaclite_example_util.c
 
Building file: ../src/xemaclite_ping_req_example.c
Invoking: MicroBlaze gcc compiler
mb-gcc -Wall -O0 -g3 -c -fmessage-length=0 -MT"src/xemaclite_ping_req_example.o" -I../../echo_server_app_bsp/microblaze_0/include -mlittle-endian -mcpu=v11.0 -mxl-soft-mul -Wl,--no-relax -ffunction-sections -fdata-sections -MMD -MP -MF"src/xemaclite_ping_req_example.d" -MT"src/xemaclite_ping_req_example.o" -o "src/xemaclite_ping_req_example.o" "../src/xemaclite_ping_req_example.c"
../src/xemaclite_ping_req_example.c: In function 'SendArpReqFrame':
../src/xemaclite_ping_req_example.c:407:6: warning: variable 'NextTxBuffBaseAddr' set but not used [-Wunused-but-set-variable]
  u32 NextTxBuffBaseAddr;
      ^~~~~~~~~~~~~~~~~~
../src/xemaclite_ping_req_example.c: In function 'SendEchoReqFrame':
../src/xemaclite_ping_req_example.c:512:6: warning: variable 'NextTxBuffBaseAddr' set but not used [-Wunused-but-set-variable]
  u32 NextTxBuffBaseAddr;
      ^~~~~~~~~~~~~~~~~~
../src/xemaclite_ping_req_example.c:510:7: warning: variable 'RxFramePtr' set but not used [-Wunused-but-set-variable]
  u16 *RxFramePtr;
       ^~~~~~~~~~
Finished building: ../src/xemaclite_ping_req_example.c
 
Building target: echo_server_app_bsp_xemaclite_ping_req_example_1.elf
Invoking: MicroBlaze gcc linker
mb-gcc -Wl,-T -Wl,../src/lscript.ld -L../../echo_server_app_bsp/microblaze_0/lib -mlittle-endian -mcpu=v11.0 -mxl-soft-mul -Wl,--no-relax -Wl,--gc-sections -o "echo_server_app_bsp_xemaclite_ping_req_example_1.elf"  ./src/xemaclite_example_util.o ./src/xemaclite_ping_req_example.o   -Wl,--start-group,-lxil,-lgcc,-lc,--end-group -Wl,--start-group,-lxil,-llwip4,-lgcc,-lc,--end-group
Finished building target: echo_server_app_bsp_xemaclite_ping_req_example_1.elf
 
Invoking: MicroBlaze Print Size
mb-size echo_server_app_bsp_xemaclite_ping_req_example_1.elf  |tee "echo_server_app_bsp_xemaclite_ping_req_example_1.elf.size"
   text	   data	    bss	    dec	    hex	filename
  12564	    404	   9304	  22272	   5700	echo_server_app_bsp_xemaclite_ping_req_example_1.elf
Finished building: echo_server_app_bsp_xemaclite_ping_req_example_1.elf.size
 

15:46:59 Build Finished (took 106ms)

